{
"project:secrets/S6697/mysql.nonRejectedExtension": [
1
]
}
