{
"project:secrets/S6652/mysql.nonRejectedExtension": [
1
],
"project:secrets/S6652/settings.py": [
3
]
}
